---
source: tui/src/update_prompt.rs
expression: terminal.backend()
---

  Update available · 1.161.0 → 9.9.9
  Release notes: https://github.com/ore-cli/ore/releases/latest

› 1. Update now (runs `npm install -g @ore-cli/ore`)                            
  2. Skip
  3. Skip until next version

  enter continue · esc skip
